
> taqwa-tracker@3.0.10 start
> ng serve

❯ Building...
✔ Building...
Initial chunk files | Names                  |  Raw size
main.js             | main                   | 128.15 kB |
styles.css          | styles                 | 109.13 kB |
chunk-YITZYLSD.js   | -                      |  22.81 kB |
chunk-W7PQ2HE7.js   | -                      |   8.51 kB |
chunk-RVAT766N.js   | -                      |   2.24 kB |
chunk-LHHWBJEV.js   | -                      |   1.95 kB |
chunk-Y5RQAIA6.js   | -                      |   1.50 kB |
chunk-G7AMMC66.js   | -                      | 362 bytes |
polyfills.js        | polyfills              |  95 bytes |

                    | Initial total          | 274.75 kB

Lazy chunk files    | Names                  |  Raw size
chunk-M5YWH5SU.js   | journey-component      |  80.42 kB |
chunk-GKIR6TXK.js   | home-component         |  70.14 kB |
chunk-3JU6LTUA.js   | calculator-component   |  69.49 kB |
chunk-MFCM2COA.js   | ayah-component         |  66.59 kB |
chunk-27FUZEQQ.js   | calendar-component     |  64.20 kB |
chunk-BD7M2RYX.js   | profile-component      |  63.82 kB |
chunk-GAZ5MJKI.js   | memory-component       |  63.57 kB |
chunk-NHSLBCFX.js   | prayer-times-component |  63.26 kB |
chunk-JP2773WA.js   | quiz-component         |  61.47 kB |
chunk-SAN2F4TF.js   | chatbot-component      |  57.63 kB |
chunk-J5WID4XF.js   | feedback-component     |  52.27 kB |
chunk-SBCRCJRM.js   | word-search-component  |  51.13 kB |
chunk-2GBE2XVW.js   | salah-master-component |  46.75 kB |
chunk-AI6OGP65.js   | tasbih-component       |  38.06 kB |
chunk-5LEXJEBG.js   | register-component     |  32.47 kB |
...and 23 more lazy chunks files. Use "--verbose" to show all the files.

Application bundle generation complete. [7.964 seconds] - 2026-02-05T04:05:28.420Z

Watch mode enabled. Watching for file changes...
NOTE: Raw file sizes do not reflect development server per-request transformations.
  ➜  Local:   http://localhost:4200/
❯ Changes detected. Rebuilding...
✔ Changes detected. Rebuilding...

No output file changes.

Application bundle generation complete. [3.296 seconds] - 2026-02-05T04:09:16.516Z
